// Jest Snapshot v1, https://goo.gl/fbAQLP

exports[`test About component snapshot test 1`] = `
<div
  class="ui container"
  id="about-div"
>
  <h1>
    About this project:
  </h1>
  <div
    class="ui link list"
    role="list"
  >
    <a
      class="item"
      href="https://github.com/nickbouldien/carrinho"
      role="listitem"
      target="_blank"
    >
      github link
    </a>
  </div>
  <h3>
    Tech used:
  </h3>
  <div
    class="ui link list"
    role="list"
  >
    <a
      class="item"
      href="https://github.com/facebook/react"
      role="listitem"
      target="_blank"
    >
      React 16
    </a>
    <a
      class="item"
      href="https://redux.js.org/"
      role="listitem"
      target="_blank"
    >
      redux
       
    </a>
    <a
      class="item"
      href="https://redux-saga.js.org/"
      role="listitem"
      target="_blank"
    >
      redux-saga
    </a>
    <a
      class="item"
      href="https://react.semantic-ui.com/introduction"
      role="listitem"
      target="_blank"
    >
      Semantic UI React
    </a>
    <a
      class="item"
      href="https://redux-saga.js.org/"
      role="listitem"
      target="_blank"
    >
      redux-saga
    </a>
    <a
      class="item"
      href="http://recharts.org/#/en-US"
      role="listitem"
      target="_blank"
    >
      Recharts
    </a>
    <a
      class="item"
      href="https://www.heroku.com/"
      role="listitem"
      target="_blank"
    >
      hosted on Heroku
    </a>
    <a
      class="item"
      href="https://firebase.google.com/docs/reference/rest/database/"
      role="listitem"
      target="_blank"
    >
      Firebase rest api
    </a>
  </div>
  <h3>
    Sources:
  </h3>
  <div
    class="ui link list"
    role="list"
  >
    <a
      class="item"
      href="https://github.com/reactjs/react-redux"
      role="listitem"
      target="_blank"
    >
      react-redux
    </a>
    <a
      class="item"
      href="https://redux.js.org/"
      role="listitem"
      target="_blank"
    >
      redux
    </a>
  </div>
</div>
`;
