// Jest Snapshot v1, https://goo.gl/fbAQLP

exports[`test About component snapshot test 1`] = `
<div
  id="about-div"
>
  <div
    class="ui container"
  >
    <h1>
      About this project:
    </h1>
    <div
      role="list"
      class="ui link list"
    >
      <a
        href="https://github.com/nickbouldien/carrinho"
        role="listitem"
        class="item"
      >
        github link
      </a>
    </div>
    <h3>
      Tech used:
    </h3>
    <div
      role="list"
      class="ui link list"
    >
      <a
        href="https://github.com/facebook/react"
        role="listitem"
        class="item"
      >
        React 16
      </a>
      <a
        href="https://redux.js.org/"
        role="listitem"
        class="item"
      >
        redux 
      </a>
      <a
        href="https://redux-saga.js.org/"
        role="listitem"
        class="item"
      >
        redux-saga
      </a>
      <a
        href="https://react.semantic-ui.com/introduction"
        role="listitem"
        class="item"
      >
        Semantic UI React
      </a>
      <a
        href="https://redux-saga.js.org/"
        role="listitem"
        class="item"
      >
        redux-saga
      </a>
      <a
        href="http://recharts.org/#/en-US"
        role="listitem"
        class="item"
      >
        Recharts
      </a>
      <a
        href="https://www.heroku.com/"
        role="listitem"
        class="item"
      >
        hosted on Heroku
      </a>
      <a
        href="https://firebase.google.com/docs/reference/rest/database/"
        role="listitem"
        class="item"
      >
        Firebase rest api
      </a>
    </div>
    <h3>
      Sources:
    </h3>
    <div
      role="list"
      class="ui link list"
    >
      <a
        href="https://github.com/reactjs/react-redux"
        role="listitem"
        class="item"
      >
        react-redux
      </a>
      <a
        href="https://redux.js.org/"
        role="listitem"
        class="item"
      >
        redux
      </a>
    </div>
  </div>
</div>
`;
